../Drivers/CMSIS/Include/core_cm7.h:2491:22:SCB_CleanDCache_by_Addr	32	static,ignoring_inline_asm
../Core/Src/main.c:132:5:main	8	static
../Core/Src/main.c:201:6:SystemClock_Config	88	static
../Core/Src/main.c:254:6:PeriphCommonClock_Config	144	static
../Core/Src/main.c:276:1:__io_putchar	16	static
../Core/Src/main.c:285:6:HAL_GPIO_EXTI_Callback	16	static
../Core/Src/main.c:297:6:check_button_release	8	static
../Core/Src/main.c:307:20:AUDIO_Start	24	static
../Core/Src/main.c:331:9:AUDIO_Process	16	static
../Core/Src/main.c:391:17:GetData	32	static
../Core/Src/main.c:406:6:BSP_AUDIO_OUT_TransferComplete_CallBack	4	static
../Core/Src/main.c:415:6:BSP_AUDIO_OUT_HalfTransfer_CallBack	4	static
../Core/Src/main.c:424:6:BSP_AUDIO_IN_TransferComplete_CallBack	8	static
../Core/Src/main.c:436:6:BSP_AUDIO_IN_HalfTransfer_CallBack	8	static
../Core/Src/main.c:448:6:BSP_AUDIO_IN_Error_CallBack	8	static
../Core/Src/main.c:458:6:AudioRec_demo	16	static
../Core/Src/main.c:542:6:Error_Handler	4	static,ignoring_inline_asm
